≡ƒÜÇ Manual Backup Trigger Started...
[Test] Today's date is: 2026-02-08
[Test] Checking directory: c:/Users/User/Ai Projects/Apointments Tracker/Logs

≡ƒôª Archiving: 5690ad0a-60b9-4823-9c83-fa4a6ad370e3_2026-02-05.log
[Drive] Uploading 5690ad0a-60b9-4823-9c83-fa4a6ad370e3_2026-02-05.log to Google Drive (Personal Storage)...
[Drive] Upload successful! File ID: 1USa044oQuEIrCJLMqxpKcGt5m1Jd-6tr
Γ£à Successfully uploaded and DELETED: 5690ad0a-60b9-4823-9c83-fa4a6ad370e3_2026-02-05.log

≡ƒôª Archiving: 5690ad0a-60b9-4823-9c83-fa4a6ad370e3_2026-02-06.log
[Drive] Uploading 5690ad0a-60b9-4823-9c83-fa4a6ad370e3_2026-02-06.log to Google Drive (Personal Storage)...
[Drive] Upload successful! File ID: 1KP53agXjVaG9-LkSLAuRO7cucUt0TCYY
Γ£à Successfully uploaded and DELETED: 5690ad0a-60b9-4823-9c83-fa4a6ad370e3_2026-02-06.log

≡ƒôª Archiving: Demo_Business_2026-02-04.log
[Drive] Uploading Demo_Business_2026-02-04.log to Google Drive (Personal Storage)...
[Drive] Upload successful! File ID: 1ngcodRXu5VEZm9JRhrOGzTgTiqt0sIkC
Γ£à Successfully uploaded and DELETED: Demo_Business_2026-02-04.log

≡ƒôª Archiving: Demo_Business_2026-02-05.log
[Drive] Uploading Demo_Business_2026-02-05.log to Google Drive (Personal Storage)...
[Drive] Upload successful! File ID: 1am1NTEPbsqi-ZNT7-aITMWdGFc-oMC9F
Γ£à Successfully uploaded and DELETED: Demo_Business_2026-02-05.log

≡ƒôª Archiving: Demo_Business_2026-02-06.log
[Drive] Uploading Demo_Business_2026-02-06.log to Google Drive (Personal Storage)...
[Drive] Upload successful! File ID: 1A22LFYZeh2NfLsqty8mKySktOVu1-73I
Γ£à Successfully uploaded and DELETED: Demo_Business_2026-02-06.log
Γä╣∩╕Å Skipping current log: Demo_Business_2026-02-08.log

≡ƒôª Archiving: global_2026-02-05.log
[Drive] Uploading global_2026-02-05.log to Google Drive (Personal Storage)...
[Drive] Upload successful! File ID: 1_pX1z1jEgBd-aTH5_iJCJMbiRMmQ3uMo
Γ£à Successfully uploaded and DELETED: global_2026-02-05.log

≡ƒôª Archiving: global_2026-02-06.log
[Drive] Uploading global_2026-02-06.log to Google Drive (Personal Storage)...
[Drive] Upload successful! File ID: 1Bz8jmHAXfuvDZlGQzyK8qnfKeC3Sqdz9
Γ£à Successfully uploaded and DELETED: global_2026-02-06.log

Γ£¿ Finished! Archived 7 historical log files.
